[00:04:47] [Server thread/INFO]: valzx_RV[/192.168.195.143:53512] logged in with entity id 14982 at (-1382.4485471799283, 146.0, -775.048236718813)
[00:04:48] [Server thread/INFO]: Loading config from file...
[00:04:48] [Server thread/INFO]: valzx_RV joined the game
[00:04:54] [Server thread/WARN]: Can't keep up! Is the server overloaded? Running 2029ms or 40 ticks behind
[00:04:55] [Server thread/INFO]: [Not Secure] <valzx_RV> fuck niggers
[00:05:15] [Server thread/WARN]: Can't keep up! Is the server overloaded? Running 5947ms or 118 ticks behind
[00:14:07] [Server thread/WARN]: Matiasauto moved wrongly!
[00:15:14] [Server thread/WARN]: Can't keep up! Is the server overloaded? Running 3611ms or 72 ticks behind
[00:15:54] [Server thread/WARN]: Can't keep up! Is the server overloaded? Running 6533ms or 130 ticks behind
[00:28:13] [Server thread/INFO]: Villager class_1646['Shelby'/15195, l='ServerLevel[world]', x=-1386.30, y=123.00, z=-724.70] died, message: 'Shelby was squished too much'
[00:28:13] [Server thread/INFO]: Named entity class_1646['Shelby'/15195, l='ServerLevel[world]', x=-1386.30, y=123.00, z=-724.70] died: Shelby was squished too much
[00:36:48] [Server thread/INFO]: [Not Secure] <Thexperson2> sdg´nvk
[00:42:55] [Server thread/INFO]: valzx_RV fell from a high place
[00:42:55] [Server thread/INFO]: Created new backpack backup file for valzx_RV with unique ID travelersbackpack.iron_12.05.2025-00.42.55.dat
[00:42:55] [Server thread/INFO]: Created new backpack backup file for valzx_RV with unique ID travelersbackpack.iron_12.05.2025-00.42.55.dat
[00:42:55] [Server thread/INFO]: Your backpack has been placed at X: -1355 Y: 125 Z: -794
[00:47:12] [Server thread/WARN]: valzx_RV moved too quickly! -7.511656909579642,0.0,-6.675444432831114
[00:47:12] [Server thread/WARN]: Can't keep up! Is the server overloaded? Running 3905ms or 78 ticks behind
[00:55:49] [Server thread/INFO]: [Not Secure] <Thexperson2> -1426.58 158.00 -795.35 -72.71 33.64
[00:56:00] [Server thread/INFO]: [Not Secure] <valzx_RV> https://music.youtube.com/playlist?list=PLg28gaFXO9sOS4qupUm34ugklKnjcvNun
[00:56:33] [Server thread/INFO]: [Not Secure] <valzx_RV> execute in minecraft:overworld run tp @s -1384.65 146.00 -794.59 2966.57 3.52
[01:05:09] [Server thread/INFO]: Villager class_1646['Shawnna'/15202, l='ServerLevel[world]', x=-1386.30, y=123.00, z=-724.70] died, message: 'Shawnna was squished too much'
[01:05:09] [Server thread/INFO]: Named entity class_1646['Shawnna'/15202, l='ServerLevel[world]', x=-1386.30, y=123.00, z=-724.70] died: Shawnna was squished too much
[01:10:12] [Server thread/WARN]: Thexperson2 moved too quickly! -17.27425147412623,-1.83870238906961,6.47605208575942
[01:11:28] [Server thread/INFO]: Villager class_1646['Sam'/15193, l='ServerLevel[world]', x=-1386.30, y=123.00, z=-724.70] died, message: 'Sam was squished too much'
[01:11:28] [Server thread/INFO]: Named entity class_1646['Sam'/15193, l='ServerLevel[world]', x=-1386.30, y=123.00, z=-724.70] died: Sam was squished too much
[01:21:02] [Server thread/INFO]: GingerCuban[/192.168.195.184:57938] logged in with entity id 52143 at (-1376.0780075711298, 129.0, -788.7843505251615)
[01:21:02] [Server thread/INFO]: Loading config from file...
[01:21:02] [Server thread/INFO]: GingerCuban joined the game
[01:22:02] [Server thread/WARN]: GingerCuban moved too quickly! -2.0731799306354333,0.0,-9.876324229701595
[01:28:27] [Server thread/WARN]: Can't keep up! Is the server overloaded? Running 2085ms or 41 ticks behind
[01:28:44] [Server thread/WARN]: Can't keep up! Is the server overloaded? Running 2021ms or 40 ticks behind
[01:31:12] [Server thread/WARN]: Thexperson2 moved too quickly! -14.233839638365225,1.0040583292008307,-11.202171836598438
[01:32:03] [Server thread/INFO]: Thexperson2 has made the advancement [Intruder Alert]
[01:32:31] [Server thread/INFO]: Villager class_1646['Noah'/15200, l='ServerLevel[world]', x=-1386.30, y=123.00, z=-724.70] died, message: 'Noah was squished too much'
[01:32:31] [Server thread/INFO]: Named entity class_1646['Noah'/15200, l='ServerLevel[world]', x=-1386.30, y=123.00, z=-724.70] died: Noah was squished too much
[01:34:30] [Server thread/WARN]: Thexperson2 moved too quickly! -13.020074868478332,-3.788248912419533,13.583067337911757
[01:34:42] [Server thread/WARN]: Thexperson2 moved too quickly! -15.883646077098092,4.816767191516476,-6.111027021623613
[01:35:28] [Server thread/INFO]: [Not Secure] <GingerCuban> oye puto te estoy escuchando rrrrrrrrrrrrrrrrrr
[01:35:39] [Server thread/INFO]: [Not Secure] <GingerCuban> si we
[01:36:15] [Server thread/INFO]: [Not Secure] <Matiasauto> esta en el overworld
[01:36:20] [Server thread/INFO]: [Not Secure] <Matiasauto> xaero-waypoint:Granja de creper:G:-1302:72:776:12:false:0:Internal-overworld-waypoints
[01:36:21] [Server thread/WARN]: Thexperson2 moved too quickly! 11.760884106890444,-1.793916067132045,-13.79109666607394
[01:37:11] [Server thread/WARN]: Can't keep up! Is the server overloaded? Running 2100ms or 42 ticks behind
[01:37:11] [Server thread/WARN]: Thexperson2 moved too quickly! 11.621455252025726,-1.8730689731108896,-14.623724255369098
[01:37:11] [Server thread/WARN]: GingerCuban moved too quickly! -2.18458731368014,-1.0244240882136637,9.81245405665311
[01:37:49] [Server thread/INFO]: [Not Secure] <valzx_RV> SLEEP NIGGAS
